// Jest Snapshot v1, https://goo.gl/fbAQLP

exports[`<MessageBox /> should match snapshot 1`] = `
<div
  className="messageBox success"
>
  Hello World
</div>
`;
